telegram_user:
  - id: 84562
    first_name: "Artem"
    last_name: "Myachin"
    user_name: "Myachin99"
    registered_at: "2000-04-05 11:12:13"
  - id: 834450967
    first_name: "Artem"
    last_name: "Myachin"
    user_name: "Myachin97"
    registered_at: "2022-09-19 11:40:17.599408"



