supplier:
  - id: 1
    user_id: 84562
    place_of_departure_id: 1
    place_of_arrival_id: 2
    first_date: "2030-10-10"
    second_date: "2030-10-15"
    description: "Ya yedu i mogu vziat' tebya"